2025-10-19 20:36 [START] Logging Started.
2025-10-19 20:36 [INFO] Running test log.
2025-10-19 20:36 [START] 
2025-10-19 20:36 [INFO] 
